<html>
<body>
<pre>
<h1>µVision Build Log</h1>
<h2>Tool Versions:</h2>
IDE-Version: µVision V5.29.0.0
Copyright (C) 2019 ARM Ltd and ARM Germany GmbH. All rights reserved.
License Information: FDS SDF, SDF, LIC=QF82Z-JJJB1-RAIDM-X4GR6-BHKEY-R28V2
 
Tool Versions:
Toolchain:       MDK-ARM Plus  Version: 5.29.0.0
Toolchain Path:  C:\Keil_v5\ARM\ARMCC\Bin
C Compiler:      Armcc.exe V5.06 update 6 (build 750)
Assembler:       Armasm.exe V5.06 update 6 (build 750)
Linker/Locator:  ArmLink.exe V5.06 update 6 (build 750)
Library Manager: ArmAr.exe V5.06 update 6 (build 750)
Hex Converter:   FromElf.exe V5.06 update 6 (build 750)
CPU DLL:         SARMCM3.DLL V5.29.0.0
Dialog DLL:      DCM.DLL V1.17.3.0
Target DLL:      STLink\ST-LINKIII-KEIL_SWO.dll V3.0.7.0
Dialog DLL:      TCM.DLL V1.36.5.0
 
<h2>Project:</h2>
E:\01. Project\25. Hardkey\Bootloader\BootLoader\MDK-ARM\BootLoader.uvprojx
Project File Date:  04/30/2020

<h2>Output:</h2>
*** Using Compiler 'V5.06 update 6 (build 750)', folder: 'C:\Keil_v5\ARM\ARMCC\Bin'
Build target 'BootLoader'
compiling memory.c...
compiling Flash.c...
..\Src\Flash.c(30): warning:  #177-D: variable "DataSource"  was declared but never referenced
  	uint8_t * DataSource = DataFlash;
..\Src\Flash.c(187): warning:  #177-D: variable "ddrWrite"  was declared but never referenced
  	uint32_t ddrWrite = FLASH_BOOT_COMMAND;
..\Src\Flash.c: 2 warnings, 0 errors
compiling usb_process.c...
..\Src\usb_process.c(90): warning:  #111-D: statement is unreachable
  			break;
..\Src\usb_process.c(150): warning:  #111-D: statement is unreachable
  			break;
..\Src\usb_process.c(153): warning:  #111-D: statement is unreachable
  			break;
..\Src\usb_process.c: 3 warnings, 0 errors
compiling main.c...
../Src/main.c(95): warning:  #177-D: variable "hash"  was declared but never referenced
  	unsigned char hash[SHA256_DIGEST_LENGTH];
../Src/main.c(96): warning:  #177-D: variable "sha256"  was declared but never referenced
  	SHA256_CTX sha256;
../Src/main.c: 2 warnings, 0 errors
linking...
Program Size: Code=18222 RO-data=1314 RW-data=448 ZI-data=18584  
FromELF: creating hex file...
After Build - User command #1: fromelf.exe --bin --output ..\BinFile\BootLoader.bin .\BootLoader\BootLoader.axf
"BootLoader\BootLoader.axf" - 0 Error(s), 7 Warning(s).

<h2>Software Packages used:</h2>

Package Vendor: ARM
                http://www.keil.com/pack/ARM.CMSIS.5.6.0.pack
                ARM.CMSIS.5.6.0
                CMSIS (Cortex Microcontroller Software Interface Standard)
   * Component: CORE Version: 5.3.0

Package Vendor: Keil
                http://www.keil.com/pack/Keil.STM32F1xx_DFP.2.3.0.pack
                Keil.STM32F1xx_DFP.2.3.0
                STMicroelectronics STM32F1 Series Device Support, Drivers and Examples

<h2>Collection of Component include folders:</h2>
  .\RTE\_BootLoader
  C:\Users\vuong\AppData\Local\Arm\Packs\ARM\CMSIS\5.6.0\CMSIS\Core\Include
  C:\Users\vuong\AppData\Local\Arm\Packs\Keil\STM32F1xx_DFP\2.3.0\Device\Include

<h2>Collection of Component Files used:</h2>

   * Component: ARM::CMSIS:CORE:5.3.0
Build Time Elapsed:  00:00:03
</pre>
</body>
</html>
